2023-04-19 13:15:44,288 [INFO] - process started
2023-04-19 13:15:44,288 [INFO] - Calling Macquarie_ov
2023-04-19 13:15:44,289 [INFO] - Inside MACQUARIE_OV
2023-04-19 13:17:44,832 [INFO] - Dataframe made from TC file
2023-04-19 13:18:01,862 [INFO] - File loaded in workbook
2023-04-19 13:21:01,739 [INFO] - data went for first sheet
2023-04-19 13:21:21,093 [INFO] - sheet activated for WC-431
2023-04-19 13:25:36,518 [INFO] - sheet activated for Power-435
2023-04-19 13:38:27,596 [INFO] - process started
2023-04-19 13:38:27,596 [INFO] - Calling Macquarie_ov
2023-04-19 13:38:27,596 [INFO] - Inside MACQUARIE_OV
2023-04-19 13:39:03,148 [INFO] - process started
2023-04-19 13:39:03,149 [INFO] - Calling Macquarie_ov
2023-04-19 13:39:03,149 [INFO] - Inside MACQUARIE_OV
2023-04-19 13:39:09,166 [INFO] - Dataframe made from TC file
2023-04-19 13:39:17,146 [INFO] - File loaded in workbook
2023-04-19 13:40:11,995 [INFO] - data went for first sheet
2023-04-19 13:40:34,596 [INFO] - sheet activated for Power-435
2023-04-19 13:41:20,628 [INFO] - sheet activated for Power-436
2023-04-19 13:49:44,298 [INFO] - process started
2023-04-19 13:49:44,299 [INFO] - Calling Macquarie_ov
2023-04-19 13:49:44,299 [INFO] - Inside MACQUARIE_OV
2023-04-19 13:49:49,822 [INFO] - Dataframe made from TC file
2023-04-19 13:49:58,402 [INFO] - File loaded in workbook
2023-04-19 13:50:20,814 [INFO] - data went for first sheet
2023-04-19 13:51:38,686 [INFO] - sheet activated for Power-435
2023-04-19 14:31:38,208 [INFO] - process started
2023-04-19 14:31:38,209 [INFO] - Calling Macquarie_ov
2023-04-19 14:31:38,210 [INFO] - Inside MACQUARIE_OV
2023-04-19 14:31:44,979 [INFO] - Dataframe made from TC file
2023-04-19 14:32:01,046 [INFO] - File loaded in workbook
2023-04-19 14:32:13,536 [INFO] - data went for first sheet
2023-04-19 14:33:51,032 [INFO] - sheet activated for Power-435
2023-04-19 14:37:08,699 [INFO] - sheet activated for Power-436
2023-04-19 15:30:42,388 [INFO] - process started
2023-04-19 15:30:42,390 [INFO] - Calling Macquarie_ov
2023-04-19 15:30:42,391 [INFO] - Inside MACQUARIE_OV
2023-04-19 15:30:47,884 [INFO] - Dataframe made from TC file
2023-04-19 15:30:56,642 [INFO] - File loaded in workbook
2023-04-19 15:31:18,515 [INFO] - process started
2023-04-19 15:31:18,516 [INFO] - Calling Macquarie_ov
2023-04-19 15:31:18,516 [INFO] - Inside MACQUARIE_OV
2023-04-19 15:31:25,020 [INFO] - Dataframe made from TC file
2023-04-19 15:31:35,220 [INFO] - File loaded in workbook
2023-04-19 15:31:57,439 [INFO] - process started
2023-04-19 15:31:57,441 [INFO] - Calling Macquarie_ov
2023-04-19 15:31:57,441 [INFO] - Inside MACQUARIE_OV
2023-04-19 15:32:03,349 [INFO] - Dataframe made from TC file
2023-04-19 15:32:25,760 [INFO] - File loaded in workbook
2023-04-19 15:34:03,460 [INFO] - process started
2023-04-19 15:34:03,461 [INFO] - Calling Macquarie_ov
2023-04-19 15:34:03,461 [INFO] - Inside MACQUARIE_OV
2023-04-19 15:34:12,471 [INFO] - Dataframe made from TC file
2023-04-19 15:34:25,592 [INFO] - File loaded in workbook
2023-04-19 15:35:43,937 [INFO] - process started
2023-04-19 15:35:43,938 [INFO] - Calling Macquarie_ov
2023-04-19 15:35:43,938 [INFO] - Inside MACQUARIE_OV
2023-04-19 15:35:53,994 [INFO] - Dataframe made from TC file
2023-04-19 15:35:56,930 [INFO] - File loaded in workbook
2023-04-19 15:45:52,179 [INFO] - process started
2023-04-19 15:45:52,180 [INFO] - Calling Macquarie_ov
2023-04-19 15:45:52,180 [INFO] - Inside MACQUARIE_OV
2023-04-19 15:45:56,700 [INFO] - Dataframe made from TC file
2023-04-19 15:45:59,648 [INFO] - File loaded in workbook
2023-04-19 15:46:14,039 [INFO] - data went for first sheet
2023-04-19 15:46:26,102 [INFO] - sheet activated for Power-435
2023-04-19 15:49:28,170 [INFO] - process started
2023-04-19 15:49:28,171 [INFO] - Calling Macquarie_ov
2023-04-19 15:49:28,171 [INFO] - Inside MACQUARIE_OV
2023-04-19 15:49:33,207 [INFO] - Dataframe made from TC file
2023-04-19 15:49:42,767 [INFO] - File loaded in workbook
2023-04-19 15:49:52,825 [INFO] - data went for first sheet
2023-04-19 15:50:06,584 [INFO] - sheet activated for Power-435
2023-04-19 15:51:01,847 [INFO] - sheet activated for Power-436
2023-04-19 15:51:25,739 [INFO] - sheet activated for Center-442
2023-04-19 15:51:29,386 [ERROR] - Exception caught in download because: 'str' object has no attribute 'strftime'
Traceback (most recent call last):
  File "c:\Users\Pakhi.laad\Macquarie_ov\main.py", line 98, in MACQUARIE_OV
    pre_month = pre_date.strftime("%m")
AttributeError: 'str' object has no attribute 'strftime'

During handling of the above exception, another exception occurred:

Traceback (most recent call last):
  File "c:\Users\Pakhi.laad\Macquarie_ov\main.py", line 103, in MACQUARIE_OV
    pre_month = pre_date.strftime("%m")
AttributeError: 'str' object has no attribute 'strftime'
2023-04-19 15:51:29,388 [ERROR] - Error occurred in . No such file or directory
Traceback (most recent call last):
  File "c:\Users\Pakhi.laad\Macquarie_ov\main.py", line 98, in MACQUARIE_OV
    pre_month = pre_date.strftime("%m")
AttributeError: 'str' object has no attribute 'strftime'

During handling of the above exception, another exception occurred:

Traceback (most recent call last):
  File "c:\Users\Pakhi.laad\Macquarie_ov\main.py", line 103, in MACQUARIE_OV
    pre_month = pre_date.strftime("%m")
AttributeError: 'str' object has no attribute 'strftime'

During handling of the above exception, another exception occurred:

Traceback (most recent call last):
  File "c:\Users\Pakhi.laad\Macquarie_ov\main.py", line 145, in main
    MACQUARIE_OV(date_file,fname)
  File "c:\Users\Pakhi.laad\Macquarie_ov\main.py", line 136, in MACQUARIE_OV
    raise Exception("No such file or directory")
Exception: No such file or directory
2023-04-19 15:51:29,407 [INFO] - Snowflake Connector for Python Version: 2.7.9, Python Version: 3.8.5, Platform: Windows-10-10.0.19041-SP0
2023-04-19 15:51:29,408 [INFO] - This connection is in OCSP Fail Open Mode. TLS Certificates would be checked for validity and revocation status. Any other Certificate Revocation related exceptions or OCSP Responder failures would be disregarded in favor of connectivity.
2023-04-19 15:51:29,408 [INFO] - Setting use_openssl_only mode to False
2023-04-19 15:51:35,531 [INFO] - query: [SELECT 1]
2023-04-19 15:51:35,900 [INFO] - query execution done
2023-04-19 15:51:35,918 [INFO] - query: [select * from POWERDB.PLOG.BU_CONFIG_PARAMS where PROJECT_NAME = 'BU_ALERTS' and...]
2023-04-19 15:51:36,325 [INFO] - query execution done
2023-04-19 15:51:36,341 [INFO] - closed
2023-04-19 15:51:36,682 [INFO] - No async queries seem to be running, deleting session
2023-04-19 18:03:40,994 [INFO] - process started
2023-04-19 18:03:40,995 [INFO] - Calling Macquarie_ov
2023-04-19 18:03:40,995 [INFO] - Inside MACQUARIE_OV
2023-04-19 18:03:51,696 [INFO] - Dataframe made from TC file
2023-04-19 18:04:25,216 [INFO] - File loaded in workbook
2023-04-19 18:05:19,175 [INFO] - data went for first sheet
2023-04-19 18:05:38,190 [INFO] - sheet activated for Power-435
2023-04-19 18:06:52,762 [INFO] - sheet activated for Power-436
2023-04-19 18:07:24,926 [INFO] - sheet activated for Center-442
2023-04-19 18:24:58,978 [INFO] - process started
2023-04-19 18:24:58,979 [INFO] - Calling Macquarie_ov
2023-04-19 18:24:58,979 [INFO] - Inside MACQUARIE_OV
2023-04-19 18:25:04,572 [INFO] - Dataframe made from TC file
2023-04-19 18:26:31,364 [INFO] - File loaded in workbook
2023-04-19 18:27:07,156 [INFO] - data went for first sheet
2023-04-19 18:57:59,188 [INFO] - sheet activated for Power-435
2023-04-19 18:59:41,987 [INFO] - sheet activated for Power-436
2023-04-19 19:00:01,488 [INFO] - sheet activated for Center-442
2023-04-19 19:00:07,381 [INFO] - sheet activated for Center-443
2023-04-19 19:01:21,575 [INFO] - process started
2023-04-19 19:01:21,576 [INFO] - Calling Macquarie_ov
2023-04-19 19:01:21,576 [INFO] - Inside MACQUARIE_OV
2023-04-19 19:01:27,405 [INFO] - Dataframe made from TC file
2023-04-19 19:01:41,755 [INFO] - File loaded in workbook
2023-04-19 19:01:49,636 [INFO] - data went for first sheet
2023-04-19 19:01:56,383 [INFO] - sheet activated for Power-435
2023-04-19 19:02:27,749 [INFO] - sheet activated for Power-436
2023-04-19 19:02:58,174 [INFO] - sheet activated for Center-442
2023-04-19 19:03:35,449 [INFO] - sheet activated for Center-443
2023-04-19 19:04:42,312 [INFO] - sheet activated for Power-448
2023-04-19 19:09:28,347 [INFO] - process started
2023-04-19 19:09:28,347 [INFO] - Calling Macquarie_ov
2023-04-19 19:09:28,348 [INFO] - Inside MACQUARIE_OV
2023-04-19 19:09:41,541 [INFO] - Dataframe made from TC file
2023-04-19 19:09:54,267 [INFO] - File loaded in workbook
2023-04-19 19:10:00,597 [INFO] - data went for first sheet
2023-04-19 19:10:06,579 [INFO] - sheet activated for Power-435
2023-04-19 19:10:29,707 [INFO] - sheet activated for Power-436
2023-04-19 19:10:44,137 [INFO] - sheet activated for Center-442
2023-04-19 19:10:54,385 [INFO] - sheet activated for Center-443
2023-04-19 19:11:14,860 [INFO] - sheet activated for Power-448
2023-04-19 19:11:16,121 [ERROR] - Exception caught in download because: 'str' object has no attribute 'strftime'
Traceback (most recent call last):
  File "c:\Users\Pakhi.laad\Macquarie_ov\main.py", line 98, in MACQUARIE_OV
    pre_month = pre_date.strftime("%m")
AttributeError: 'str' object has no attribute 'strftime'

During handling of the above exception, another exception occurred:

Traceback (most recent call last):
  File "c:\Users\Pakhi.laad\Macquarie_ov\main.py", line 103, in MACQUARIE_OV
    pre_month = pre_date.strftime("%m")
AttributeError: 'str' object has no attribute 'strftime'
2023-04-19 19:11:16,385 [ERROR] - Error occurred in . No such file or directory
Traceback (most recent call last):
  File "c:\Users\Pakhi.laad\Macquarie_ov\main.py", line 98, in MACQUARIE_OV
    pre_month = pre_date.strftime("%m")
AttributeError: 'str' object has no attribute 'strftime'

During handling of the above exception, another exception occurred:

Traceback (most recent call last):
  File "c:\Users\Pakhi.laad\Macquarie_ov\main.py", line 103, in MACQUARIE_OV
    pre_month = pre_date.strftime("%m")
AttributeError: 'str' object has no attribute 'strftime'

During handling of the above exception, another exception occurred:

Traceback (most recent call last):
  File "c:\Users\Pakhi.laad\Macquarie_ov\main.py", line 145, in main
    MACQUARIE_OV(date_file,fname)
  File "c:\Users\Pakhi.laad\Macquarie_ov\main.py", line 136, in MACQUARIE_OV
    raise Exception("No such file or directory")
Exception: No such file or directory
2023-04-19 19:11:16,392 [INFO] - Snowflake Connector for Python Version: 2.7.9, Python Version: 3.8.5, Platform: Windows-10-10.0.19041-SP0
2023-04-19 19:11:16,393 [INFO] - This connection is in OCSP Fail Open Mode. TLS Certificates would be checked for validity and revocation status. Any other Certificate Revocation related exceptions or OCSP Responder failures would be disregarded in favor of connectivity.
2023-04-19 19:11:16,393 [INFO] - Setting use_openssl_only mode to False
2023-04-19 19:11:22,605 [INFO] - query: [SELECT 1]
2023-04-19 19:11:22,981 [INFO] - query execution done
2023-04-19 19:11:22,985 [INFO] - query: [select * from POWERDB.PLOG.BU_CONFIG_PARAMS where PROJECT_NAME = 'BU_ALERTS' and...]
2023-04-19 19:11:23,345 [INFO] - query execution done
2023-04-19 19:11:23,348 [INFO] - closed
2023-04-19 19:11:23,697 [INFO] - No async queries seem to be running, deleting session
2023-04-19 19:11:59,992 [INFO] - process started
2023-04-19 19:11:59,993 [INFO] - Calling Macquarie_ov
2023-04-19 19:11:59,993 [INFO] - Inside MACQUARIE_OV
2023-04-19 19:12:05,350 [INFO] - Dataframe made from TC file
2023-04-19 19:12:11,554 [INFO] - File loaded in workbook
2023-04-19 19:12:20,537 [INFO] - data went for first sheet
2023-04-19 19:12:25,280 [INFO] - sheet activated for WC-431
2023-04-19 19:12:38,474 [INFO] - sheet activated for Bulk-434
2023-04-19 19:13:10,220 [INFO] - sheet activated for Power-436
2023-04-19 19:13:14,416 [INFO] - sheet activated for Power-437
2023-04-19 19:13:18,984 [INFO] - sheet activated for Center-442
2023-04-19 19:13:21,958 [INFO] - sheet activated for Center-443
2023-04-19 19:13:25,365 [INFO] - sheet activated for Center-444
2023-04-19 20:10:26,033 [INFO] - process started
2023-04-19 20:10:26,034 [INFO] - Calling Macquarie_ov
2023-04-19 20:10:26,034 [INFO] - Inside MACQUARIE_OV
2023-04-19 20:10:56,515 [INFO] - process started
2023-04-19 20:10:56,516 [INFO] - Calling Macquarie_ov
2023-04-19 20:10:56,517 [INFO] - Inside MACQUARIE_OV
2023-04-19 20:11:06,489 [INFO] - Dataframe made from TC file
2023-04-19 20:11:34,083 [INFO] - File loaded in workbook
2023-04-19 20:15:15,558 [INFO] - sheet activated for h
2023-04-19 20:16:55,453 [INFO] - process started
2023-04-19 20:16:55,455 [INFO] - Calling Macquarie_ov
2023-04-19 20:16:55,455 [INFO] - Inside MACQUARIE_OV
2023-04-19 20:17:00,546 [INFO] - Dataframe made from TC file
2023-04-19 20:17:15,477 [INFO] - File loaded in workbook
2023-04-19 20:17:21,794 [INFO] - data went for first sheet
2023-04-19 20:17:25,102 [INFO] - sheet activated for WC-431
2023-04-19 20:17:36,875 [INFO] - sheet activated for Power-435
2023-04-19 20:17:43,318 [INFO] - sheet activated for Power-436
2023-04-19 20:17:51,081 [INFO] - sheet activated for Center-442
2023-04-19 20:17:56,159 [INFO] - sheet activated for Center-444
2023-04-19 20:17:59,916 [INFO] - sheet activated for Power-448
2023-04-19 20:18:02,033 [INFO] - Save changes to workbook
2023-04-19 20:18:04,878 [INFO] - Closed workbook
2023-04-19 20:18:04,879 [INFO] -  Engine Disposed ---- end
2023-04-19 20:18:04,887 [INFO] - Snowflake Connector for Python Version: 2.7.9, Python Version: 3.8.5, Platform: Windows-10-10.0.19041-SP0
2023-04-19 20:18:04,887 [INFO] - This connection is in OCSP Fail Open Mode. TLS Certificates would be checked for validity and revocation status. Any other Certificate Revocation related exceptions or OCSP Responder failures would be disregarded in favor of connectivity.
2023-04-19 20:18:04,887 [INFO] - Setting use_openssl_only mode to False
2023-04-19 20:18:12,254 [INFO] - query: [SELECT 1]
2023-04-19 20:18:12,620 [INFO] - query execution done
2023-04-19 20:18:12,622 [INFO] - query: [select * from POWERDB.PLOG.BU_CONFIG_PARAMS where PROJECT_NAME = 'BU_ALERTS' and...]
2023-04-19 20:18:12,975 [INFO] - query execution done
2023-04-19 20:18:12,978 [INFO] - closed
2023-04-19 20:18:13,324 [INFO] - No async queries seem to be running, deleting session
2023-04-19 20:18:46,148 [INFO] - process started
2023-04-19 20:18:46,150 [INFO] - Calling Macquarie_ov
2023-04-19 20:18:46,150 [INFO] - Inside MACQUARIE_OV
2023-04-19 20:18:47,156 [INFO] -  Engine Disposed ---- end
2023-04-19 20:18:47,163 [INFO] - Snowflake Connector for Python Version: 2.7.9, Python Version: 3.8.5, Platform: Windows-10-10.0.19041-SP0
2023-04-19 20:18:47,164 [INFO] - This connection is in OCSP Fail Open Mode. TLS Certificates would be checked for validity and revocation status. Any other Certificate Revocation related exceptions or OCSP Responder failures would be disregarded in favor of connectivity.
2023-04-19 20:18:47,164 [INFO] - Setting use_openssl_only mode to False
2023-04-19 20:18:52,659 [INFO] - query: [SELECT 1]
2023-04-19 20:18:53,053 [INFO] - query execution done
2023-04-19 20:18:53,056 [INFO] - query: [select * from POWERDB.PLOG.BU_CONFIG_PARAMS where PROJECT_NAME = 'BU_ALERTS' and...]
2023-04-19 20:18:53,443 [INFO] - query execution done
2023-04-19 20:18:53,446 [INFO] - closed
2023-04-19 20:18:53,772 [INFO] - No async queries seem to be running, deleting session
2023-04-19 20:19:26,550 [INFO] - process started
2023-04-19 20:19:26,551 [INFO] - Calling Macquarie_ov
2023-04-19 20:19:26,551 [INFO] - Inside MACQUARIE_OV
2023-04-19 20:19:27,512 [INFO] -  Engine Disposed ---- end
2023-04-19 20:19:27,520 [INFO] - Snowflake Connector for Python Version: 2.7.9, Python Version: 3.8.5, Platform: Windows-10-10.0.19041-SP0
2023-04-19 20:19:27,521 [INFO] - This connection is in OCSP Fail Open Mode. TLS Certificates would be checked for validity and revocation status. Any other Certificate Revocation related exceptions or OCSP Responder failures would be disregarded in favor of connectivity.
2023-04-19 20:19:27,522 [INFO] - Setting use_openssl_only mode to False
2023-04-19 20:19:33,995 [INFO] - query: [SELECT 1]
2023-04-19 20:19:34,391 [INFO] - query execution done
2023-04-19 20:19:34,393 [INFO] - query: [select * from POWERDB.PLOG.BU_CONFIG_PARAMS where PROJECT_NAME = 'BU_ALERTS' and...]
2023-04-19 20:19:34,769 [INFO] - query execution done
2023-04-19 20:19:34,775 [INFO] - closed
2023-04-19 20:19:35,104 [INFO] - No async queries seem to be running, deleting session
2023-04-19 20:19:59,530 [INFO] - process started
2023-04-19 20:19:59,531 [INFO] - Calling Macquarie_ov
2023-04-19 20:19:59,531 [INFO] - Inside MACQUARIE_OV
2023-04-19 20:20:05,243 [INFO] - Dataframe made from TC file
2023-04-19 20:20:15,434 [INFO] - File loaded in workbook
2023-04-19 20:20:20,165 [INFO] - data went for first sheet
2023-04-19 20:20:26,923 [INFO] - sheet activated for Power-436
2023-04-19 20:20:30,024 [INFO] - sheet activated for Power-437
2023-04-19 20:20:35,608 [INFO] - sheet activated for Center-442
2023-04-19 20:20:39,481 [INFO] - sheet activated for Center-444
2023-04-19 20:20:41,814 [INFO] - Save changes to workbook
2023-04-19 20:20:43,101 [INFO] - Closed workbook
2023-04-19 20:20:43,101 [INFO] -  Engine Disposed ---- end
2023-04-19 20:20:43,108 [INFO] - Snowflake Connector for Python Version: 2.7.9, Python Version: 3.8.5, Platform: Windows-10-10.0.19041-SP0
2023-04-19 20:20:43,109 [INFO] - This connection is in OCSP Fail Open Mode. TLS Certificates would be checked for validity and revocation status. Any other Certificate Revocation related exceptions or OCSP Responder failures would be disregarded in favor of connectivity.
2023-04-19 20:20:43,109 [INFO] - Setting use_openssl_only mode to False
2023-04-19 20:20:49,177 [INFO] - query: [SELECT 1]
2023-04-19 20:20:49,583 [INFO] - query execution done
2023-04-19 20:20:49,586 [INFO] - query: [select * from POWERDB.PLOG.BU_CONFIG_PARAMS where PROJECT_NAME = 'BU_ALERTS' and...]
2023-04-19 20:20:49,947 [INFO] - query execution done
2023-04-19 20:20:49,951 [INFO] - closed
2023-04-19 20:20:50,298 [INFO] - No async queries seem to be running, deleting session
2023-04-19 20:21:19,734 [INFO] - process started
2023-04-19 20:21:19,735 [INFO] - Calling Macquarie_ov
2023-04-19 20:21:19,735 [INFO] - Inside MACQUARIE_OV
2023-04-19 20:21:26,987 [INFO] - Dataframe made from TC file
2023-04-19 20:21:35,163 [INFO] - File loaded in workbook
2023-04-19 20:21:39,885 [INFO] - data went for first sheet
2023-04-19 20:21:51,590 [ERROR] - Exception caught in download because: (-2147352567, 'Exception occurred.', (0, None, None, None, 0, -2147352565), None)
Traceback (most recent call last):
  File "c:\Users\Pakhi.laad\Macquarie_ov\main.py", line 81, in MACQUARIE_OV
    sheet = wb.sheets[value[1]]
  File "C:\Users\Pakhi.laad\AppData\Roaming\Python\Python38\site-packages\xlwings\main.py", line 88, in __getitem__
    return self(key)
  File "C:\Users\Pakhi.laad\AppData\Roaming\Python\Python38\site-packages\xlwings\main.py", line 5062, in __call__
    return Sheet(impl=self.impl(name_or_index))
  File "C:\Users\Pakhi.laad\AppData\Roaming\Python\Python38\site-packages\xlwings\_xlwindows.py", line 896, in __call__
    return Sheet(xl=self.xl(name_or_index))
  File "C:\Users\Pakhi.laad\AppData\Roaming\Python\Python38\site-packages\xlwings\_xlwindows.py", line 223, in __call__
    v = self._inner(*args, **kwargs)
  File "C:\Users\PAKHI~1.LAA\AppData\Local\Temp\gen_py\3.8\00020813-0000-0000-C000-000000000046x0x1x9.py", line 36625, in __call__
    ret = self._oleobj_.InvokeTypes(0, LCID, 2, (9, 0), ((12, 1),),Index
pywintypes.com_error: (-2147352567, 'Exception occurred.', (0, None, None, None, 0, -2147352565), None)
2023-04-19 20:22:17,920 [INFO] - process started
2023-04-19 20:22:17,921 [INFO] - Calling Macquarie_ov
2023-04-19 20:22:17,921 [INFO] - Inside MACQUARIE_OV
2023-04-19 20:22:29,439 [INFO] - Dataframe made from TC file
2023-04-19 20:22:52,508 [INFO] - File loaded in workbook
